--------- beginning of main
12-05 16:32:44.000  5124  8625 E Assert  : 	at com.qualcomm.ftccommon.FtcEventLoop.loop(FtcEventLoop.java:212)
12-05 16:32:44.002  5124  8625 E Assert  : 	at com.qualcomm.robotcore.eventloop.EventLoopManager$EventLoopRunnable$1.run(EventLoopManager.java:296)
12-05 16:32:44.003  5124  8625 E Assert  : 	at com.qualcomm.robotcore.util.ThreadPool.logThreadLifeCycle(ThreadPool.java:737)
12-05 16:32:44.005  5124  8625 E Assert  : 	at com.qualcomm.robotcore.eventloop.EventLoopManager$EventLoopRunnable.run(EventLoopManager.java:239)
12-05 16:32:44.007  5124  8625 E Assert  : 	at com.qualcomm.robotcore.eventloop.EventLoopManager$1.run(EventLoopManager.java:563)
12-05 16:32:44.009  5124  8625 E Assert  : 	at java.util.concurrent.ThreadPoolExecutor.runWorker(ThreadPoolExecutor.java:1113)
12-05 16:32:44.010  5124  8625 E Assert  : 	at java.util.concurrent.ThreadPoolExecutor$Worker.run(ThreadPoolExecutor.java:588)
12-05 16:32:44.012  5124  8625 E Assert  : 	at com.qualcomm.robotcore.util.ThreadPool$ThreadFactoryImpl$1.run(ThreadPool.java:793)
12-05 16:32:44.013  5124  8625 E Assert  : 	at java.lang.Thread.run(Thread.java:818)
12-05 16:32:44.013  5124  8625 F Assert  : assertion failed: 0x0f16a793 on 0x0d7318e9: closed
12-05 16:32:44.015  5124  8625 E Assert  : java.lang.RuntimeException: assertion failed: 0x0f16a793 on 0x0d7318e9: closed
12-05 16:32:44.017  5124  8625 E Assert  : 	at org.firstinspires.ftc.robotcore.internal.system.Assert.assertFailed(Assert.java:140)
12-05 16:32:44.020  5124  8625 E Assert  : 	at org.firstinspires.ftc.robotcore.internal.system.Assert.assertTrue(Assert.java:94)
12-05 16:32:44.022  5124  8625 E Assert  : 	at com.qualcomm.hardware.lynx.LynxUsbDeviceDelegate.assertOpen(LynxUsbDeviceDelegate.java:102)
12-05 16:32:44.024  5124  8625 E Assert  : 	at com.qualcomm.hardware.lynx.LynxUsbDeviceDelegate.getArmingState(LynxUsbDeviceDelegate.java:257)
12-05 16:32:44.025  5124  8625 E Assert  : 	at com.qualcomm.hardware.lynx.LynxModule.validateCommand(LynxModule.java:973)
12-05 16:32:44.026  5124  8625 E Assert  : 	at com.qualcomm.hardware.lynx.commands.LynxDatagram.<init>(LynxDatagram.java:157)
12-05 16:32:44.027  5124  8625 E Assert  : 	at com.qualcomm.hardware.lynx.LynxModule.sendCommand(LynxModule.java:1373)
12-05 16:32:44.029  5124  8625 E Assert  : 	at com.qualcomm.hardware.lynx.commands.LynxRespondable.send(LynxRespondable.java:230)
12-05 16:32:44.030  5124  8625 E Assert  : 	at com.qualcomm.hardware.lynx.LynxModule.failSafe(LynxModule.java:1264)
12-05 16:32:44.031  5124  8625 E Assert  : 	at com.qualcomm.hardware.lynx.LynxUsbDeviceImpl.failSafe(LynxUsbDeviceImpl.java:434)
12-05 16:32:44.033  5124  8625 E Assert  : 	at com.qualcomm.hardware.lynx.LynxUsbDeviceDelegate.failSafe(LynxUsbDeviceDelegate.java:147)
12-05 16:32:44.035  5124  8625 E Assert  : 	at org.firstinspires.ftc.robotcore.internal.opmode.OpModeManagerImpl$DefaultOpMode.staySafe(OpModeManagerImpl.java:682)
12-05 16:32:44.036  5124  8625 E Assert  : 	at org.firstinspires.ftc.robotcore.internal.opmode.OpModeManagerImpl$DefaultOpMode.loop(OpModeManagerImpl.java:630)
12-05 16:32:44.038  5124  8625 E Assert  : 	at org.firstinspires.ftc.robotcore.internal.opmode.OpModeManagerImpl$5.run(OpModeManagerImpl.java:553)
12-05 16:32:44.040  5124  8625 E Assert  : 	at org.firstinspires.ftc.robotcore.internal.opmode.OpModeManagerImpl.detectStuck(OpModeManagerImpl.java:419)
12-05 16:32:44.041  5124  8625 E Assert  : 	at org.firstinspires.ftc.robotcore.internal.opmode.OpModeManagerImpl.detectStuck(OpModeManagerImpl.java:413)
12-05 16:32:44.043  5124  8625 E Assert  : 	at org.firstinspires.ftc.robotcore.internal.opmode.OpModeManagerImpl.callActiveOpModeLoop(OpModeManagerImpl.java:551)
12-05 16:32:44.045  5124  8625 E Assert  : 	at org.firstinspires.ftc.robotcore.internal.opmode.OpModeManagerImpl.runActiveOpMode(OpModeManagerImpl.java:362)
12-05 16:32:44.046  5124  8625 E Assert  : 	at com.qualcomm.ftccommon.FtcEventLoop.loop(FtcEventLoop.java:212)
12-05 16:32:44.048  5124  8625 E Assert  : 	at com.qualcomm.robotcore.eventloop.EventLoopManager$EventLoopRunnable$1.run(EventLoopManager.java:296)
12-05 16:32:44.049  5124  8625 E Assert  : 	at com.qualcomm.robotcore.util.ThreadPool.logThreadLifeCycle(ThreadPool.java:737)
12-05 16:32:44.051  5124  8625 E Assert  : 	at com.qualcomm.robotcore.eventloop.EventLoopManager$EventLoopRunnable.run(EventLoopManager.java:239)
12-05 16:32:44.052  5124  8625 E Assert  : 	at com.qualcomm.robotcore.eventloop.EventLoopManager$1.run(EventLoopManager.java:563)
12-05 16:32:44.053  5124  8625 E Assert  : 	at java.util.concurrent.ThreadPoolExecutor.runWorker(ThreadPoolExecutor.java:1113)
12-05 16:32:44.055  5124  8625 E Assert  : 	at java.util.concurrent.ThreadPoolExecutor$Worker.run(ThreadPoolExecutor.java:588)
12-05 16:32:44.056  5124  8625 E Assert  : 	at com.qualcomm.robotcore.util.ThreadPool$ThreadFactoryImpl$1.run(ThreadPool.java:793)
12-05 16:32:44.057  5124  8625 E Assert  : 	at java.lang.Thread.run(Thread.java:818)
12-05 16:32:44.057  5124  8625 F Assert  : assertion failed: 0x0f16a793 on 0x0d7318e9: closed
12-05 16:32:44.059  5124  8625 E Assert  : java.lang.RuntimeException: assertion failed: 0x0f16a793 on 0x0d7318e9: closed
12-05 16:32:44.061  5124  8625 E Assert  : 	at org.firstinspires.ftc.robotcore.internal.system.Assert.assertFailed(Assert.java:140)
12-05 16:32:44.062  5124  8625 E Assert  : 	at org.firstinspires.ftc.robotcore.internal.system.Assert.assertTrue(Assert.java:94)
12-05 16:32:44.064  5124  8625 E Assert  : 	at com.qualcomm.hardware.lynx.LynxUsbDeviceDelegate.assertOpen(LynxUsbDeviceDelegate.java:102)
12-05 16:32:44.065  5124  8625 E Assert  : 	at com.qualcomm.hardware.lynx.LynxUsbDeviceDelegate.transmit(LynxUsbDeviceDelegate.java:191)
12-05 16:32:44.066  5124  8625 E Assert  : 	at com.qualcomm.hardware.lynx.LynxModule.sendCommand(LynxModule.java:1381)
12-05 16:32:44.068  5124  8625 E Assert  : 	at com.qualcomm.hardware.lynx.commands.LynxRespondable.send(LynxRespondable.java:230)
12-05 16:32:44.069  5124  8625 E Assert  : 	at com.qualcomm.hardware.lynx.LynxModule.failSafe(LynxModule.java:1264)
12-05 16:32:44.070  5124  8625 E Assert  : 	at com.qualcomm.hardware.lynx.LynxUsbDeviceImpl.failSafe(LynxUsbDeviceImpl.java:434)
12-05 16:32:44.072  5124  8625 E Assert  : 	at com.qualcomm.hardware.lynx.LynxUsbDeviceDelegate.failSafe(LynxUsbDeviceDelegate.java:147)
12-05 16:32:44.074  5124  8625 E Assert  : 	at org.firstinspires.ftc.robotcore.internal.opmode.OpModeManagerImpl$DefaultOpMode.staySafe(OpModeManagerImpl.java:682)
12-05 16:32:44.075  5124  8625 E Assert  : 	at org.firstinspires.ftc.robotcore.internal.opmode.OpModeManagerImpl$DefaultOpMode.loop(OpModeManagerImpl.java:630)
12-05 16:32:44.077  5124  8625 E Assert  : 	at org.firstinspires.ftc.robotcore.internal.opmode.OpModeManagerImpl$5.run(OpModeManagerImpl.java:553)
12-05 16:32:44.079  5124  8625 E Assert  : 	at org.firstinspires.ftc.robotcore.internal.opmode.OpModeManagerImpl.detectStuck(OpModeManagerImpl.java:419)
12-05 16:32:44.080  5124  8625 E Assert  : 	at org.firstinspires.ftc.robotcore.internal.opmode.OpModeManagerImpl.detectStuck(OpModeManagerImpl.java:413)
12-05 16:32:44.082  5124  8625 E Assert  : 	at org.firstinspires.ftc.robotcore.internal.opmode.OpModeManagerImpl.callActiveOpModeLoop(OpModeManagerImpl.java:551)
12-05 16:32:44.084  5124  8625 E Assert  : 	at org.firstinspires.ftc.robotcore.internal.opmode.OpModeManagerImpl.runActiveOpMode(OpModeManagerImpl.java:362)
12-05 16:32:44.085  5124  8625 E Assert  : 	at com.qualcomm.ftccommon.FtcEventLoop.loop(FtcEventLoop.java:212)
12-05 16:32:44.086  5124  8625 E Assert  : 	at com.qualcomm.robotcore.eventloop.EventLoopManager$EventLoopRunnable$1.run(EventLoopManager.java:296)
12-05 16:32:44.088  5124  8625 E Assert  : 	at com.qualcomm.robotcore.util.ThreadPool.logThreadLifeCycle(ThreadPool.java:737)
12-05 16:32:44.089  5124  8625 E Assert  : 	at com.qualcomm.robotcore.eventloop.EventLoopManager$EventLoopRunnable.run(EventLoopManager.java:239)
12-05 16:32:44.091  5124  8625 E Assert  : 	at com.qualcomm.robotcore.eventloop.EventLoopManager$1.run(EventLoopManager.java:563)
12-05 16:32:44.092  5124  8625 E Assert  : 	at java.util.concurrent.ThreadPoolExecutor.runWorker(ThreadPoolExecutor.java:1113)
12-05 16:32:44.093  5124  8625 E Assert  : 	at java.util.concurrent.ThreadPoolExecutor$Worker.run(ThreadPoolExecutor.java:588)
12-05 16:32:44.095  5124  8625 E Assert  : 	at com.qualcomm.robotcore.util.ThreadPool$ThreadFactoryImpl$1.run(ThreadPool.java:793)
12-05 16:32:44.095  5124  8625 E Assert  : 	at java.lang.Thread.run(Thread.java:818)
12-05 16:32:44.096  5124  8625 F Assert  : assertion failed: 0x0f16a793 on 0x0d7318e9: closed
12-05 16:32:44.097  5124  8625 E Assert  : java.lang.RuntimeException: assertion failed: 0x0f16a793 on 0x0d7318e9: closed
12-05 16:32:44.099  5124  8625 E Assert  : 	at org.firstinspires.ftc.robotcore.internal.system.Assert.assertFailed(Assert.java:140)
12-05 16:32:44.101  5124  8625 E Assert  : 	at org.firstinspires.ftc.robotcore.internal.system.Assert.assertTrue(Assert.java:94)
12-05 16:32:44.102  5124  8625 E Assert  : 	at com.qualcomm.hardware.lynx.LynxUsbDeviceDelegate.assertOpen(LynxUsbDeviceDelegate.java:102)
12-05 16:32:44.104  5124  8625 E Assert  : 	at com.qualcomm.hardware.lynx.LynxUsbDeviceDelegate.releaseNetworkTransmissionLock(LynxUsbDeviceDelegate.java:186)
12-05 16:32:44.106  5124  8625 E Assert  : 	at com.qualcomm.hardware.lynx.LynxModule.releaseNetworkTransmissionLock(LynxModule.java:1361)
12-05 16:32:44.107  5124  8625 E Assert  : 	at com.qualcomm.hardware.lynx.commands.LynxMessage.releaseNetworkLock(LynxMessage.java:135)
12-05 16:32:44.108  5124  8625 E Assert  : 	at com.qualcomm.hardware.lynx.commands.LynxRespondable.send(LynxRespondable.java:243)
12-05 16:32:44.110  5124  8625 E Assert  : 	at com.qualcomm.hardware.lynx.LynxModule.failSafe(LynxModule.java:1264)
12-05 16:32:44.111  5124  8625 E Assert  : 	at com.qualcomm.hardware.lynx.LynxUsbDeviceImpl.failSafe(LynxUsbDeviceImpl.java:434)
12-05 16:32:44.112  5124  8625 E Assert  : 	at com.qualcomm.hardware.lynx.LynxUsbDeviceDelegate.failSafe(LynxUsbDeviceDelegate.java:147)
12-05 16:32:44.114  5124  8625 E Assert  : 	at org.firstinspires.ftc.robotcore.internal.opmode.OpModeManagerImpl$DefaultOpMode.staySafe(OpModeManagerImpl.java:682)
12-05 16:32:44.116  5124  8625 E Assert  : 	at org.firstinspires.ftc.robotcore.internal.opmode.OpModeManagerImpl$DefaultOpMode.loop(OpModeManagerImpl.java:630)
12-05 16:32:44.117  5124  8625 E Assert  : 	at org.firstinspires.ftc.robotcore.internal.opmode.OpModeManagerImpl$5.run(OpModeManagerImpl.java:553)
12-05 16:32:44.119  5124  8625 E Assert  : 	at org.firstinspires.ftc.robotcore.internal.opmode.OpModeManagerImpl.detectStuck(OpModeManagerImpl.java:419)
12-05 16:32:44.121  5124  8625 E Assert  : 	at org.firstinspires.ftc.robotcore.internal.opmode.OpModeManagerImpl.detectStuck(OpModeManagerImpl.java:413)
12-05 16:32:44.123  5124  8625 E Assert  : 	at org.firstinspires.ftc.robotcore.internal.opmode.OpModeManagerImpl.callActiveOpModeLoop(OpModeManagerImpl.java:551)
12-05 16:32:44.124  5124  8625 E Assert  : 	at org.firstinspires.ftc.robotcore.internal.opmode.OpModeManagerImpl.runActiveOpMode(OpModeManagerImpl.java:362)
12-05 16:32:44.125  5124  8625 E Assert  : 	at com.qualcomm.ftccommon.FtcEventLoop.loop(FtcEventLoop.java:212)
12-05 16:32:44.127  5124  8625 E Assert  : 	at com.qualcomm.robotcore.eventloop.EventLoopManager$EventLoopRunnable$1.run(EventLoopManager.java:296)
12-05 16:32:44.128  5124  8625 E Assert  : 	at com.qualcomm.robotcore.util.ThreadPool.logThreadLifeCycle(ThreadPool.java:737)
12-05 16:32:44.130  5124  8625 E Assert  : 	at com.qualcomm.robotcore.eventloop.EventLoopManager$EventLoopRunnable.run(EventLoopManager.java:239)
12-05 16:32:44.131  5124  8625 E Assert  : 	at com.qualcomm.robotcore.eventloop.EventLoopManager$1.run(EventLoopManager.java:563)
12-05 16:32:44.133  5124  8625 E Assert  : 	at java.util.concurrent.ThreadPoolExecutor.runWorker(ThreadPoolExecutor.java:1113)
12-05 16:32:44.134  5124  8625 E Assert  : 	at java.util.concurrent.ThreadPoolExecutor$Worker.run(ThreadPoolExecutor.java:588)
12-05 16:32:44.135  5124  8625 E Assert  : 	at com.qualcomm.robotcore.util.ThreadPool$ThreadFactoryImpl$1.run(ThreadPool.java:793)
12-05 16:32:44.136  5124  8625 E Assert  : 	at java.lang.Thread.run(Thread.java:818)
12-05 16:32:44.240  5124  8625 F Assert  : assertion failed: 0x0f16a793 on 0x0d7318e9: closed
12-05 16:32:44.243  5124  8625 E Assert  : java.lang.RuntimeException: assertion failed: 0x0f16a793 on 0x0d7318e9: closed
12-05 16:32:44.246  5124  8625 E Assert  : 	at org.firstinspires.ftc.robotcore.internal.system.Assert.assertFailed(Assert.java:140)
12-05 16:32:44.248  5124  8625 E Assert  : 	at org.firstinspires.ftc.robotcore.internal.system.Assert.assertTrue(Assert.java:94)
12-05 16:32:44.251  5124  8625 E Assert  : 	at com.qualcomm.hardware.lynx.LynxUsbDeviceDelegate.assertOpen(LynxUsbDeviceDelegate.java:102)
12-05 16:32:44.254  5124  8625 E Assert  : 	at com.qualcomm.hardware.lynx.LynxUsbDeviceDelegate.acquireNetworkTransmissionLock(LynxUsbDeviceDelegate.java:181)
12-05 16:32:44.257  5124  8625 E Assert  : 	at com.qualcomm.hardware.lynx.LynxModule.acquireNetworkTransmissionLock(LynxModule.java:1356)
12-05 16:32:44.260  5124  8625 E Assert  : 	at com.qualcomm.hardware.lynx.commands.LynxMessage.acquireNetworkLock(LynxMessage.java:130)
12-05 16:32:44.263  5124  8625 E Assert  : 	at com.qualcomm.hardware.lynx.commands.LynxRespondable.send(LynxRespondable.java:227)
12-05 16:32:44.265  5124  8625 E Assert  : 	at com.qualcomm.hardware.lynx.LynxModule.failSafe(LynxModule.java:1264)
12-05 16:32:44.267  5124  8625 E Assert  : 	at com.qualcomm.hardware.lynx.LynxUsbDeviceImpl.failSafe(LynxUsbDeviceImpl.java:434)
12-05 16:32:44.268  5124  8625 E Assert  : 	at com.qualcomm.hardware.lynx.LynxUsbDeviceDelegate.failSafe(LynxUsbDeviceDelegate.java:147)
12-05 16:32:44.271  5124  8625 E Assert  : 	at org.firstinspires.ftc.robotcore.internal.opmode.OpModeManagerImpl$DefaultOpMode.staySafe(OpModeManagerImpl.java:682)
12-05 16:32:44.273  5124  8625 E Assert  : 	at org.firstinspires.ftc.robotcore.internal.opmode.OpModeManagerImpl$DefaultOpMode.loop(OpModeManagerImpl.java:630)
12-05 16:32:44.276  5124  8625 E Assert  : 	at org.firstinspires.ftc.robotcore.internal.opmode.OpModeManagerImpl$5.run(OpModeManagerImpl.java:553)
12-05 16:32:44.277  5124  8625 E Assert  : 	at org.firstinspires.ftc.robotcore.internal.opmode.OpModeManagerImpl.detectStuck(OpModeManagerImpl.java:419)
12-05 16:32:44.279  5124  8625 E Assert  : 	at org.firstinspires.ftc.robotcore.internal.opmode.OpModeManagerImpl.detectStuck(OpModeManagerImpl.java:413)
12-05 16:32:44.282  5124  8625 E Assert  : 	at org.firstinspires.ftc.robotcore.internal.opmode.OpModeManagerImpl.callActiveOpModeLoop(OpModeManagerImpl.java:551)
12-05 16:32:44.284  5124  8625 E Assert  : 	at org.firstinspires.ftc.robotcore.internal.opmode.OpModeManagerImpl.runActiveOpMode(OpModeManagerImpl.java:362)
12-05 16:32:44.285  5124  8625 E Assert  : 	at com.qualcomm.ftccommon.FtcEventLoop.loop(FtcEventLoop.java:212)
12-05 16:32:44.287  5124  8625 E Assert  : 	at com.qualcomm.robotcore.eventloop.EventLoopManager$EventLoopRunnable$1.run(EventLoopManager.java:296)
12-05 16:32:44.289  5124  8625 E Assert  : 	at com.qualcomm.robotcore.util.ThreadPool.logThreadLifeCycle(ThreadPool.java:737)
12-05 16:32:44.291  5124  8625 E Assert  : 	at com.qualcomm.robotcore.eventloop.EventLoopManager$EventLoopRunnable.run(EventLoopManager.java:239)
12-05 16:32:44.292  5124  8625 E Assert  : 	at com.qualcomm.robotcore.eventloop.EventLoopManager$1.run(EventLoopManager.java:563)
12-05 16:32:44.294  5124  8625 E Assert  : 	at java.util.concurrent.ThreadPoolExecutor.runWorker(ThreadPoolExecutor.java:1113)
12-05 16:32:44.296  5124  8625 E Assert  : 	at java.util.concurrent.ThreadPoolExecutor$Worker.run(ThreadPoolExecutor.java:588)
12-05 16:32:44.298  5124  8625 E Assert  : 	at com.qualcomm.robotcore.util.ThreadPool$ThreadFactoryImpl$1.run(ThreadPool.java:793)
12-05 16:32:44.298  5124  8625 E Assert  : 	at java.lang.Thread.run(Thread.java:818)
12-05 16:32:44.299  5124  8625 F Assert  : assertion failed: 0x0f16a793 on 0x0d7318e9: closed
12-05 16:32:44.302  5124  8625 E Assert  : java.lang.RuntimeException: assertion failed: 0x0f16a793 on 0x0d7318e9: closed
12-05 16:32:44.304  5124  8625 E Assert  : 	at org.firstinspires.ftc.robotcore.internal.system.Assert.assertFailed(Assert.java:140)
12-05 16:32:44.305  5124  8625 E Assert  : 	at org.firstinspires.ftc.robotcore.internal.system.Assert.assertTrue(Assert.java:94)
12-05 16:32:44.307  5124  8625 E Assert  : 	at com.qualcomm.hardware.lynx.LynxUsbDeviceDelegate.assertOpen(LynxUsbDeviceDelegate.java:102)
12-05 16:32:44.308  5124  8625 E Assert  : 	at com.qualcomm.hardware.lynx.LynxUsbDeviceDelegate.getArmingState(LynxUsbDeviceDelegate.java:257)
12-05 16:32:44.310  5124  8625 E Assert  : 	at com.qualcomm.hardware.lynx.LynxModule.validateCommand(LynxModule.java:973)
12-05 16:32:44.311  5124  8625 E Assert  : 	at com.qualcomm.hardware.lynx.commands.LynxDatagram.<init>(LynxDatagram.java:157)
12-05 16:32:44.312  5124  8625 E Assert  : 	at com.qualcomm.hardware.lynx.LynxModule.sendCommand(LynxModule.java:1373)
12-05 16:32:44.313  5124  8625 E Assert  : 	at com.qualcomm.hardware.lynx.commands.LynxRespondable.send(LynxRespondable.java:230)
12-05 16:32:44.315  5124  8625 E Assert  : 	at com.qualcomm.hardware.lynx.LynxModule.failSafe(LynxModule.java:1264)
12-05 16:32:44.316  5124  8625 E Assert  : 	at com.qualcomm.hardware.lynx.LynxUsbDeviceImpl.failSafe(LynxUsbDeviceImpl.java:434)
12-05 16:32:44.317  5124  8625 E Assert  : 	at com.qualcomm.hardware.lynx.LynxUsbDeviceDelegate.failSafe(LynxUsbDeviceDelegate.java:147)
12-05 16:32:44.319  5124  8625 E Assert  : 	at org.firstinspires.ftc.robotcore.internal.opmode.OpModeManagerImpl$DefaultOpMode.staySafe(OpModeManagerImpl.java:682)
12-05 16:32:44.321  5124  8625 E Assert  : 	at org.firstinspires.ftc.robotcore.internal.opmode.OpModeManagerImpl$DefaultOpMode.loop(OpModeManagerImpl.java:630)
12-05 16:32:44.323  5124  8625 E Assert  : 	at org.firstinspires.ftc.robotcore.internal.opmode.OpModeManagerImpl$5.run(OpModeManagerImpl.java:553)
12-05 16:32:44.324  5124  8625 E Assert  : 	at org.firstinspires.ftc.robotcore.internal.opmode.OpModeManagerImpl.detectStuck(OpModeManagerImpl.java:419)
12-05 16:32:44.326  5124  8625 E Assert  : 	at org.firstinspires.ftc.robotcore.internal.opmode.OpModeManagerImpl.detectStuck(OpModeManagerImpl.java:413)
12-05 16:32:44.328  5124  8625 E Assert  : 	at org.firstinspires.ftc.robotcore.internal.opmode.OpModeManagerImpl.callActiveOpModeLoop(OpModeManagerImpl.java:551)
12-05 16:32:44.329  5124  8625 E Assert  : 	at org.firstinspires.ftc.robotcore.internal.opmode.OpModeManagerImpl.runActiveOpMode(OpModeManagerImpl.java:362)
12-05 16:32:44.330  5124  8625 E Assert  : 	at com.qualcomm.ftccommon.FtcEventLoop.loop(FtcEventLoop.java:212)
12-05 16:32:44.332  5124  8625 E Assert  : 	at com.qualcomm.robotcore.eventloop.EventLoopManager$EventLoopRunnable$1.run(EventLoopManager.java:296)
12-05 16:32:44.333  5124  8625 E Assert  : 	at com.qualcomm.robotcore.util.ThreadPool.logThreadLifeCycle(ThreadPool.java:737)
12-05 16:32:44.335  5124  8625 E Assert  : 	at com.qualcomm.robotcore.eventloop.EventLoopManager$EventLoopRunnable.run(EventLoopManager.java:239)
12-05 16:32:44.336  5124  8625 E Assert  : 	at com.qualcomm.robotcore.eventloop.EventLoopManager$1.run(EventLoopManager.java:563)
12-05 16:32:44.338  5124  8625 E Assert  : 	at java.util.concurrent.ThreadPoolExecutor.runWorker(ThreadPoolExecutor.java:1113)
12-05 16:32:44.339  5124  8625 E Assert  : 	at java.util.concurrent.ThreadPoolExecutor$Worker.run(ThreadPoolExecutor.java:588)
12-05 16:32:44.340  5124  8625 E Assert  : 	at com.qualcomm.robotcore.util.ThreadPool$ThreadFactoryImpl$1.run(ThreadPool.java:793)
12-05 16:32:44.341  5124  8625 E Assert  : 	at java.lang.Thread.run(Thread.java:818)
12-05 16:32:44.341  5124  8625 F Assert  : assertion failed: 0x0f16a793 on 0x0d7318e9: closed
12-05 16:32:44.343  5124  8625 E Assert  : java.lang.RuntimeException: assertion failed: 0x0f16a793 on 0x0d7318e9: closed
12-05 16:32:44.345  5124  8625 E Assert  : 	at org.firstinspires.ftc.robotcore.internal.system.Assert.assertFailed(Assert.java:140)
12-05 16:32:44.346  5124  8625 E Assert  : 	at org.firstinspires.ftc.robotcore.internal.system.Assert.assertTrue(Assert.java:94)
12-05 16:32:44.348  5124  8625 E Assert  : 	at com.qualcomm.hardware.lynx.LynxUsbDeviceDelegate.assertOpen(LynxUsbDeviceDelegate.java:102)
12-05 16:32:44.349  5124  8625 E Assert  : 	at com.qualcomm.hardware.lynx.LynxUsbDeviceDelegate.transmit(LynxUsbDeviceDelegate.java:191)
12-05 16:32:44.350  5124  8625 E Assert  : 	at com.qualcomm.hardware.lynx.LynxModule.sendCommand(LynxModule.java:1381)
12-05 16:32:44.352  5124  8625 E Assert  : 	at com.qualcomm.hardware.lynx.commands.LynxRespondable.send(LynxRespondable.java:230)
12-05 16:32:44.353  5124  8625 E Assert  : 	at com.qualcomm.hardware.lynx.LynxModule.failSafe(LynxModule.java:1264)
12-05 16:32:44.354  5124  8625 E Assert  : 	at com.qualcomm.hardware.lynx.LynxUsbDeviceImpl.failSafe(LynxUsbDeviceImpl.java:434)
12-05 16:32:44.356  5124  8625 E Assert  : 	at com.qualcomm.hardware.lynx.LynxUsbDeviceDelegate.failSafe(LynxUsbDeviceDelegate.java:147)
12-05 16:32:44.359  5124  8625 E Assert  : 	at org.firstinspires.ftc.robotcore.internal.opmode.OpModeManagerImpl$DefaultOpMode.staySafe(OpModeManagerImpl.java:682)
12-05 16:32:44.360  5124  8625 E Assert  : 	at org.firstinspires.ftc.robotcore.internal.opmode.OpModeManagerImpl$DefaultOpMode.loop(OpModeManagerImpl.java:630)
12-05 16:32:44.362  5124  8625 E Assert  : 	at org.firstinspires.ftc.robotcore.internal.opmode.OpModeManagerImpl$5.run(OpModeManagerImpl.java:553)
12-05 16:32:44.363  5124  8625 E Assert  : 	at org.firstinspires.ftc.robotcore.internal.opmode.OpModeManagerImpl.detectStuck(OpModeManagerImpl.java:419)
12-05 16:32:44.365  5124  8625 E Assert  : 	at org.firstinspires.ftc.robotcore.internal.opmode.OpModeManagerImpl.detectStuck(OpModeManagerImpl.java:413)
12-05 16:32:44.367  5124  8625 E Assert  : 	at org.firstinspires.ftc.robotcore.internal.opmode.OpModeManagerImpl.callActiveOpModeLoop(OpModeManagerImpl.java:551)
12-05 16:32:44.369  5124  8625 E Assert  : 	at org.firstinspires.ftc.robotcore.internal.opmode.OpModeManagerImpl.runActiveOpMode(OpModeManagerImpl.java:362)
12-05 16:32:44.370  5124  8625 E Assert  : 	at com.qualcomm.ftccommon.FtcEventLoop.loop(FtcEventLoop.java:212)
12-05 16:32:44.372  5124  8625 E Assert  : 	at com.qualcomm.robotcore.eventloop.EventLoopManager$EventLoopRunnable$1.run(EventLoopManager.java:296)
12-05 16:32:44.373  5124  8625 E Assert  : 	at com.qualcomm.robotcore.util.ThreadPool.logThreadLifeCycle(ThreadPool.java:737)
12-05 16:32:44.374  5124  8625 E Assert  : 	at com.qualcomm.robotcore.eventloop.EventLoopManager$EventLoopRunnable.run(EventLoopManager.java:239)
12-05 16:32:44.376  5124  8625 E Assert  : 	at com.qualcomm.robotcore.eventloop.EventLoopManager$1.run(EventLoopManager.java:563)
12-05 16:32:44.377  5124  8625 E Assert  : 	at java.util.concurrent.ThreadPoolExecutor.runWorker(ThreadPoolExecutor.java:1113)
12-05 16:32:44.378  5124  8625 E Assert  : 	at java.util.concurrent.ThreadPoolExecutor$Worker.run(ThreadPoolExecutor.java:588)
12-05 16:32:44.380  5124  8625 E Assert  : 	at com.qualcomm.robotcore.util.ThreadPool$ThreadFactoryImpl$1.run(ThreadPool.java:793)
12-05 16:32:44.381  5124  8625 E Assert  : 	at java.lang.Thread.run(Thread.java:818)
12-05 16:32:44.381  5124  8625 F Assert  : assertion failed: 0x0f16a793 on 0x0d7318e9: closed
12-05 16:32:44.383  5124  8625 E Assert  : java.lang.RuntimeException: assertion failed: 0x0f16a793 on 0x0d7318e9: closed
12-05 16:32:44.385  5124  8625 E Assert  : 	at org.firstinspires.ftc.robotcore.internal.system.Assert.assertFailed(Assert.java:140)
12-05 16:32:44.386  5124  8625 E Assert  : 	at org.firstinspires.ftc.robotcore.internal.system.Assert.assertTrue(Assert.java:94)
12-05 16:32:44.387  5124  8625 E Assert  : 	at com.qualcomm.hardware.lynx.LynxUsbDeviceDelegate.assertOpen(LynxUsbDeviceDelegate.java:102)
12-05 16:32:44.389  5124  8625 E Assert  : 	at com.qualcomm.hardware.lynx.LynxUsbDeviceDelegate.releaseNetworkTransmissionLock(LynxUsbDeviceDelegate.java:186)
12-05 16:32:44.391  5124  8625 E Assert  : 	at com.qualcomm.hardware.lynx.LynxModule.releaseNetworkTransmissionLock(LynxModule.java:1361)
12-05 16:32:44.392  5124  8625 E Assert  : 	at com.qualcomm.hardware.lynx.commands.LynxMessage.releaseNetworkLock(LynxMessage.java:135)
12-05 16:32:44.394  5124  8625 E Assert  : 	at com.qualcomm.hardware.lynx.commands.LynxRespondable.send(LynxRespondable.java:243)
12-05 16:32:44.395  5124  8625 E Assert  : 	at com.qualcomm.hardware.lynx.LynxModule.failSafe(LynxModule.java:1264)
12-05 16:32:44.396  5124  8625 E Assert  : 	at com.qualcomm.hardware.lynx.LynxUsbDeviceImpl.failSafe(LynxUsbDeviceImpl.java:434)
12-05 16:32:44.398  5124  8625 E Assert  : 	at com.qualcomm.hardware.lynx.LynxUsbDeviceDelegate.failSafe(LynxUsbDeviceDelegate.java:147)
12-05 16:32:44.399  5124  8625 E Assert  : 	at org.firstinspires.ftc.robotcore.internal.opmode.OpModeManagerImpl$DefaultOpMode.staySafe(OpModeManagerImpl.java:682)
12-05 16:32:44.401  5124  8625 E Assert  : 	at org.firstinspires.ftc.robotcore.internal.opmode.OpModeManagerImpl$DefaultOpMode.loop(OpModeManagerImpl.java:630)
12-05 16:32:44.403  5124  8625 E Assert  : 	at org.firstinspires.ftc.robotcore.internal.opmode.OpModeManagerImpl$5.run(OpModeManagerImpl.java:553)
12-05 16:32:44.404  5124  8625 E Assert  : 	at org.firstinspires.ftc.robotcore.internal.opmode.OpModeManagerImpl.detectStuck(OpModeManagerImpl.java:419)
12-05 16:32:44.406  5124  8625 E Assert  : 	at org.firstinspires.ftc.robotcore.internal.opmode.OpModeManagerImpl.detectStuck(OpModeManagerImpl.java:413)
12-05 16:32:44.408  5124  8625 E Assert  : 	at org.firstinspires.ftc.robotcore.internal.opmode.OpModeManagerImpl.callActiveOpModeLoop(OpModeManagerImpl.java:551)
12-05 16:32:44.410  5124  8625 E Assert  : 	at org.firstinspires.ftc.robotcore.internal.opmode.OpModeManagerImpl.runActiveOpMode(OpModeManagerImpl.java:362)
12-05 16:32:44.411  5124  8625 E Assert  : 	at com.qualcomm.ftccommon.FtcEventLoop.loop(FtcEventLoop.java:212)
12-05 16:32:44.412  5124  8625 E Assert  : 	at com.qualcomm.robotcore.eventloop.EventLoopManager$EventLoopRunnable$1.run(EventLoopManager.java:296)
12-05 16:32:44.414  5124  8625 E Assert  : 	at com.qualcomm.robotcore.util.ThreadPool.logThreadLifeCycle(ThreadPool.java:737)
12-05 16:32:44.415  5124  8625 E Assert  : 	at com.qualcomm.robotcore.eventloop.EventLoopManager$EventLoopRunnable.run(EventLoopManager.java:239)
12-05 16:32:44.416  5124  8625 E Assert  : 	at com.qualcomm.robotcore.eventloop.EventLoopManager$1.run(EventLoopManager.java:563)
12-05 16:32:44.418  5124  8625 E Assert  : 	at java.util.concurrent.ThreadPoolExecutor.runWorker(ThreadPoolExecutor.java:1113)
12-05 16:32:44.419  5124  8625 E Assert  : 	at java.util.concurrent.ThreadPoolExecutor$Worker.run(ThreadPoolExecutor.java:588)
12-05 16:32:44.420  5124  8625 E Assert  : 	at com.qualcomm.robotcore.util.ThreadPool$ThreadFactoryImpl$1.run(ThreadPool.java:793)
12-05 16:32:44.421  5124  8625 E Assert  : 	at java.lang.Thread.run(Thread.java:818)
12-05 16:32:44.525  5124  8625 F Assert  : assertion failed: 0x0f16a793 on 0x0d7318e9: closed
12-05 16:32:44.528  5124  8625 E Assert  : java.lang.RuntimeException: assertion failed: 0x0f16a793 on 0x0d7318e9: closed
12-05 16:32:44.530  5124  8625 E Assert  : 	at org.firstinspires.ftc.robotcore.internal.system.Assert.assertFailed(Assert.java:140)
12-05 16:32:44.533  5124  8625 E Assert  : 	at org.firstinspires.ftc.robotcore.internal.system.Assert.assertTrue(Assert.java:94)
12-05 16:32:44.535  5124  8625 E Assert  : 	at com.qualcomm.hardware.lynx.LynxUsbDeviceDelegate.assertOpen(LynxUsbDeviceDelegate.java:102)
12-05 16:32:44.539  5124  8625 E Assert  : 	at com.qualcomm.hardware.lynx.LynxUsbDeviceDelegate.acquireNetworkTransmissionLock(LynxUsbDeviceDelegate.java:181)
12-05 16:32:44.541  5124  8625 E Assert  : 	at com.qualcomm.hardware.lynx.LynxModule.acquireNetworkTransmissionLock(LynxModule.java:1356)
12-05 16:32:44.543  5124  8625 E Assert  : 	at com.qualcomm.hardware.lynx.commands.LynxMessage.acquireNetworkLock(LynxMessage.java:130)
12-05 16:32:44.545  5124  8625 E Assert  : 	at com.qualcomm.hardware.lynx.commands.LynxRespondable.send(LynxRespondable.java:227)
12-05 16:32:44.546  5124  8625 E Assert  : 	at com.qualcomm.hardware.lynx.LynxModule.failSafe(LynxModule.java:1264)
12-05 16:32:44.548  5124  8625 E Assert  : 	at com.qualcomm.hardware.lynx.LynxUsbDeviceImpl.failSafe(LynxUsbDeviceImpl.java:434)
12-05 16:32:44.550  5124  8625 E Assert  : 	at com.qualcomm.hardware.lynx.LynxUsbDeviceDelegate.failSafe(LynxUsbDeviceDelegate.java:147)
12-05 16:32:44.552  5124  8625 E Assert  : 	at org.firstinspires.ftc.robotcore.internal.opmode.OpModeManagerImpl$DefaultOpMode.staySafe(OpModeManagerImpl.java:682)
12-05 16:32:44.554  5124  8625 E Assert  : 	at org.firstinspires.ftc.robotcore.internal.opmode.OpModeManagerImpl$DefaultOpMode.loop(OpModeManagerImpl.java:630)
12-05 16:32:44.556  5124  8625 E Assert  : 	at org.firstinspires.ftc.robotcore.internal.opmode.OpModeManagerImpl$5.run(OpModeManagerImpl.java:553)
12-05 16:32:44.558  5124  8625 E Assert  : 	at org.firstinspires.ftc.robotcore.internal.opmode.OpModeManagerImpl.detectStuck(OpModeManagerImpl.java:419)
12-05 16:32:44.560  5124  8625 E Assert  : 	at org.firstinspires.ftc.robotcore.internal.opmode.OpModeManagerImpl.detectStuck(OpModeManagerImpl.java:413)
12-05 16:32:44.562  5124  8625 E Assert  : 	at org.firstinspires.ftc.robotcore.internal.opmode.OpModeManagerImpl.callActiveOpModeLoop(OpModeManagerImpl.java:551)
12-05 16:32:44.565  5124  8625 E Assert  : 	at org.firstinspires.ftc.robotcore.internal.opmode.OpModeManagerImpl.runActiveOpMode(OpModeManagerImpl.java:362)
12-05 16:32:44.566  5124  8625 E Assert  : 	at com.qualcomm.ftccommon.FtcEventLoop.loop(FtcEventLoop.java:212)
12-05 16:32:44.568  5124  8625 E Assert  : 	at com.qualcomm.robotcore.eventloop.EventLoopManager$EventLoopRunnable$1.run(EventLoopManager.java:296)
12-05 16:32:44.570  5124  8625 E Assert  : 	at com.qualcomm.robotcore.util.ThreadPool.logThreadLifeCycle(ThreadPool.java:737)
12-05 16:32:44.572  5124  8625 E Assert  : 	at com.qualcomm.robotcore.eventloop.EventLoopManager$EventLoopRunnable.run(EventLoopManager.java:239)
12-05 16:32:44.573  5124  8625 E Assert  : 	at com.qualcomm.robotcore.eventloop.EventLoopManager$1.run(EventLoopManager.java:563)
12-05 16:32:44.575  5124  8625 E Assert  : 	at java.util.concurrent.ThreadPoolExecutor.runWorker(ThreadPoolExecutor.java:1113)
12-05 16:32:44.576  5124  8625 E Assert  : 	at java.util.concurrent.ThreadPoolExecutor$Worker.run(ThreadPoolExecutor.java:588)
12-05 16:32:44.578  5124  8625 E Assert  : 	at com.qualcomm.robotcore.util.ThreadPool$ThreadFactoryImpl$1.run(ThreadPool.java:793)
12-05 16:32:44.579  5124  8625 E Assert  : 	at java.lang.Thread.run(Thread.java:818)
12-05 16:32:44.579  5124  8625 F Assert  : assertion failed: 0x0f16a793 on 0x0d7318e9: closed
12-05 16:32:44.581  5124  8625 E Assert  : java.lang.RuntimeException: assertion failed: 0x0f16a793 on 0x0d7318e9: closed
12-05 16:32:44.583  5124  8625 E Assert  : 	at org.firstinspires.ftc.robotcore.internal.system.Assert.assertFailed(Assert.java:140)
12-05 16:32:44.585  5124  8625 E Assert  : 	at org.firstinspires.ftc.robotcore.internal.system.Assert.assertTrue(Assert.java:94)
12-05 16:32:44.586  5124  8625 E Assert  : 	at com.qualcomm.hardware.lynx.LynxUsbDeviceDelegate.assertOpen(LynxUsbDeviceDelegate.java:102)
12-05 16:32:44.588  5124  8625 E Assert  : 	at com.qualcomm.hardware.lynx.LynxUsbDeviceDelegate.getArmingState(LynxUsbDeviceDelegate.java:257)
12-05 16:32:44.589  5124  8625 E Assert  : 	at com.qualcomm.hardware.lynx.LynxModule.validateCommand(LynxModule.java:973)
12-05 16:32:44.590  5124  8625 E Assert  : 	at com.qualcomm.hardware.lynx.commands.LynxDatagram.<init>(LynxDatagram.java:157)
12-05 16:32:44.591  5124  8625 E Assert  : 	at com.qualcomm.hardware.lynx.LynxModule.sendCommand(LynxModule.java:1373)
12-05 16:32:44.593  5124  8625 E Assert  : 	at com.qualcomm.hardware.lynx.commands.LynxRespondable.send(LynxRespondable.java:230)
12-05 16:32:44.594  5124  8625 E Assert  : 	at com.qualcomm.hardware.lynx.LynxModule.failSafe(LynxModule.java:1264)
12-05 16:32:44.595  5124  8625 E Assert  : 	at com.qualcomm.hardware.lynx.LynxUsbDeviceImpl.failSafe(LynxUsbDeviceImpl.java:434)
12-05 16:32:44.597  5124  8625 E Assert  : 	at com.qualcomm.hardware.lynx.LynxUsbDeviceDelegate.failSafe(LynxUsbDeviceDelegate.java:147)
12-05 16:32:44.599  5124  8625 E Assert  : 	at org.firstinspires.ftc.robotcore.internal.opmode.OpModeManagerImpl$DefaultOpMode.staySafe(OpModeManagerImpl.java:682)
12-05 16:32:44.601  5124  8625 E Assert  : 	at org.firstinspires.ftc.robotcore.internal.opmode.OpModeManagerImpl$DefaultOpMode.loop(OpModeManagerImpl.java:630)
12-05 16:32:44.602  5124  8625 E Assert  : 	at org.firstinspires.ftc.robotcore.internal.opmode.OpModeManagerImpl$5.run(OpModeManagerImpl.java:553)
12-05 16:32:44.604  5124  8625 E Assert  : 	at org.firstinspires.ftc.robotcore.internal.opmode.OpModeManagerImpl.detectStuck(OpModeManagerImpl.java:419)
12-05 16:32:44.605  5124  8625 E Assert  : 	at org.firstinspires.ftc.robotcore.internal.opmode.OpModeManagerImpl.detectStuck(OpModeManagerImpl.java:413)
12-05 16:32:44.607  5124  8625 E Assert  : 	at org.firstinspires.ftc.robotcore.internal.opmode.OpModeManagerImpl.callActiveOpModeLoop(OpModeManagerImpl.java:551)
12-05 16:32:44.609  5124  6325 V Robocol : received command: CMD_SET_MATCH_NUMBER(20953) 0
12-05 16:32:44.609  5124  8625 E Assert  : 	at org.firstinspires.ftc.robotcore.internal.opmode.OpModeManagerImpl.runActiveOpMode(OpModeManagerImpl.java:362)
12-05 16:32:44.609  5124  6325 V Robocol : received command: CMD_INIT_OP_MODE(20954) Test Op Mode
12-05 16:32:44.610  5124  8625 E Assert  : 	at com.qualcomm.ftccommon.FtcEventLoop.loop(FtcEventLoop.java:212)
12-05 16:32:44.612  5124  8625 E Assert  : 	at com.qualcomm.robotcore.eventloop.EventLoopManager$EventLoopRunnable$1.run(EventLoopManager.java:296)
12-05 16:32:44.613  5124  8625 E Assert  : 	at com.qualcomm.robotcore.util.ThreadPool.logThreadLifeCycle(ThreadPool.java:737)
12-05 16:32:44.615  5124  8625 E Assert  : 	at com.qualcomm.robotcore.eventloop.EventLoopManager$EventLoopRunnable.run(EventLoopManager.java:239)
12-05 16:32:44.616  5124  8625 E Assert  : 	at com.qualcomm.robotcore.eventloop.EventLoopManager$1.run(EventLoopManager.java:563)
12-05 16:32:44.617  5124  8625 E Assert  : 	at java.util.concurrent.ThreadPoolExecutor.runWorker(ThreadPoolExecutor.java:1113)
12-05 16:32:44.619  5124  8625 E Assert  : 	at java.util.concurrent.ThreadPoolExecutor$Worker.run(ThreadPoolExecutor.java:588)
12-05 16:32:44.620  5124  8625 E Assert  : 	at com.qualcomm.robotcore.util.ThreadPool$ThreadFactoryImpl$1.run(ThreadPool.java:793)
12-05 16:32:44.621  5124  8625 E Assert  : 	at java.lang.Thread.run(Thread.java:818)
12-05 16:32:44.621  5124  8625 F Assert  : assertion failed: 0x0f16a793 on 0x0d7318e9: closed
12-05 16:32:44.623  5124  8625 E Assert  : java.lang.RuntimeException: assertion failed: 0x0f16a793 on 0x0d7318e9: closed
12-05 16:32:44.625  5124  8625 E Assert  : 	at org.firstinspires.ftc.robotcore.internal.system.Assert.assertFailed(Assert.java:140)
12-05 16:32:44.626  5124  8625 E Assert  : 	at org.firstinspires.ftc.robotcore.internal.system.Assert.assertTrue(Assert.java:94)
12-05 16:32:44.627  5124  8625 E Assert  : 	at com.qualcomm.hardware.lynx.LynxUsbDeviceDelegate.assertOpen(LynxUsbDeviceDelegate.java:102)
12-05 16:32:44.629  5124  8625 E Assert  : 	at com.qualcomm.hardware.lynx.LynxUsbDeviceDelegate.transmit(LynxUsbDeviceDelegate.java:191)
12-05 16:32:44.630  5124  8625 E Assert  : 	at com.qualcomm.hardware.lynx.LynxModule.sendCommand(LynxModule.java:1381)
12-05 16:32:44.631  5124  8625 E Assert  : 	at com.qualcomm.hardware.lynx.commands.LynxRespondable.send(LynxRespondable.java:230)
12-05 16:32:44.633  5124  8625 E Assert  : 	at com.qualcomm.hardware.lynx.LynxModule.failSafe(LynxModule.java:1264)
12-05 16:32:44.634  5124  8625 E Assert  : 	at com.qualcomm.hardware.lynx.LynxUsbDeviceImpl.failSafe(LynxUsbDeviceImpl.java:434)
12-05 16:32:44.635  5124  8625 E Assert  : 	at com.qualcomm.hardware.lynx.LynxUsbDeviceDelegate.failSafe(LynxUsbDeviceDelegate.java:147)
12-05 16:32:44.637  5124  8625 E Assert  : 	at org.firstinspires.ftc.robotcore.internal.opmode.OpModeManagerImpl$DefaultOpMode.staySafe(OpModeManagerImpl.java:682)
12-05 16:32:44.639  5124  8625 E Assert  : 	at org.firstinspires.ftc.robotcore.internal.opmode.OpModeManagerImpl$DefaultOpMode.loop(OpModeManagerImpl.java:630)
12-05 16:32:44.641  5124  8625 E Assert  : 	at org.firstinspires.ftc.robotcore.internal.opmode.OpModeManagerImpl$5.run(OpModeManagerImpl.java:553)
12-05 16:32:44.642  5124  8625 E Assert  : 	at org.firstinspires.ftc.robotcore.internal.opmode.OpModeManagerImpl.detectStuck(OpModeManagerImpl.java:419)
12-05 16:32:44.644  5124  8625 E Assert  : 	at org.firstinspires.ftc.robotcore.internal.opmode.OpModeManagerImpl.detectStuck(OpModeManagerImpl.java:413)
12-05 16:32:44.646  5124  8625 E Assert  : 	at org.firstinspires.ftc.robotcore.internal.opmode.OpModeManagerImpl.callActiveOpModeLoop(OpModeManagerImpl.java:551)
12-05 16:32:44.648  5124  8625 E Assert  : 	at org.firstinspires.ftc.robotcore.internal.opmode.OpModeManagerImpl.runActiveOpMode(OpModeManagerImpl.java:362)
12-05 16:32:44.649  5124  8625 E Assert  : 	at com.qualcomm.ftccommon.FtcEventLoop.loop(FtcEventLoop.java:212)
12-05 16:32:44.650  5124  8625 E Assert  : 	at com.qualcomm.robotcore.eventloop.EventLoopManager$EventLoopRunnable$1.run(EventLoopManager.java:296)
12-05 16:32:44.652  5124  8625 E Assert  : 	at com.qualcomm.robotcore.util.ThreadPool.logThreadLifeCycle(ThreadPool.java:737)
12-05 16:32:44.653  5124  8625 E Assert  : 	at com.qualcomm.robotcore.eventloop.EventLoopManager$EventLoopRunnable.run(EventLoopManager.java:239)
12-05 16:32:44.654  5124  8625 E Assert  : 	at com.qualcomm.robotcore.eventloop.EventLoopManager$1.run(EventLoopManager.java:563)
12-05 16:32:44.656  5124  8625 E Assert  : 	at java.util.concurrent.ThreadPoolExecutor.runWorker(ThreadPoolExecutor.java:1113)
12-05 16:32:44.657  5124  8625 E Assert  : 	at java.util.concurrent.ThreadPoolExecutor$Worker.run(ThreadPoolExecutor.java:588)
12-05 16:32:44.659  5124  8625 E Assert  : 	at com.qualcomm.robotcore.util.ThreadPool$ThreadFactoryImpl$1.run(ThreadPool.java:793)
12-05 16:32:44.659  5124  8625 E Assert  : 	at java.lang.Thread.run(Thread.java:818)
12-05 16:32:44.659  5124  8625 F Assert  : assertion failed: 0x0f16a793 on 0x0d7318e9: closed
12-05 16:32:44.661  5124  8625 E Assert  : java.lang.RuntimeException: assertion failed: 0x0f16a793 on 0x0d7318e9: closed
12-05 16:32:44.663  5124  8625 E Assert  : 	at org.firstinspires.ftc.robotcore.internal.system.Assert.assertFailed(Assert.java:140)
12-05 16:32:44.664  5124  8625 E Assert  : 	at org.firstinspires.ftc.robotcore.internal.system.Assert.assertTrue(Assert.java:94)
12-05 16:32:44.666  5124  8625 E Assert  : 	at com.qualcomm.hardware.lynx.LynxUsbDeviceDelegate.assertOpen(LynxUsbDeviceDelegate.java:102)
12-05 16:32:44.668  5124  8625 E Assert  : 	at com.qualcomm.hardware.lynx.LynxUsbDeviceDelegate.releaseNetworkTransmissionLock(LynxUsbDeviceDelegate.java:186)
12-05 16:32:44.669  5124  8625 E Assert  : 	at com.qualcomm.hardware.lynx.LynxModule.releaseNetworkTransmissionLock(LynxModule.java:1361)
12-05 16:32:44.671  5124  8625 E Assert  : 	at com.qualcomm.hardware.lynx.commands.LynxMessage.releaseNetworkLock(LynxMessage.java:135)
12-05 16:32:44.672  5124  8625 E Assert  : 	at com.qualcomm.hardware.lynx.commands.LynxRespondable.send(LynxRespondable.java:243)
12-05 16:32:44.673  5124  8625 E Assert  : 	at com.qualcomm.hardware.lynx.LynxModule.failSafe(LynxModule.java:1264)
12-05 16:32:44.675  5124  8625 E Assert  : 	at com.qualcomm.hardware.lynx.LynxUsbDeviceImpl.failSafe(LynxUsbDeviceImpl.java:434)
12-05 16:32:44.676  5124  8625 E Assert  : 	at com.qualcomm.hardware.lynx.LynxUsbDeviceDelegate.failSafe(LynxUsbDeviceDelegate.java:147)
12-05 16:32:44.678  5124  8625 E Assert  : 	at org.firstinspires.ftc.robotcore.internal.opmode.OpModeManagerImpl$DefaultOpMode.staySafe(OpModeManagerImpl.java:682)
12-05 16:32:44.680  5124  8625 E Assert  : 	at org.firstinspires.ftc.robotcore.internal.opmode.OpModeManagerImpl$DefaultOpMode.loop(OpModeManagerImpl.java:630)
12-05 16:32:44.682  5124  8625 E Assert  : 	at org.firstinspires.ftc.robotcore.internal.opmode.OpModeManagerImpl$5.run(OpModeManagerImpl.java:553)
12-05 16:32:44.683  5124  8625 E Assert  : 	at org.firstinspires.ftc.robotcore.internal.opmode.OpModeManagerImpl.detectStuck(OpModeManagerImpl.java:419)
12-05 16:32:44.685  5124  8625 E Assert  : 	at org.firstinspires.ftc.robotcore.internal.opmode.OpModeManagerImpl.detectStuck(OpModeManagerImpl.java:413)
12-05 16:32:44.687  5124  8625 E Assert  : 	at org.firstinspires.ftc.robotcore.internal.opmode.OpModeManagerImpl.callActiveOpModeLoop(OpModeManagerImpl.java:551)
12-05 16:32:44.688  5124  8625 E Assert  : 	at org.firstinspires.ftc.robotcore.internal.opmode.OpModeManagerImpl.runActiveOpMode(OpModeManagerImpl.java:362)
12-05 16:32:44.689  5124  8625 E Assert  : 	at com.qualcomm.ftccommon.FtcEventLoop.loop(FtcEventLoop.java:212)
12-05 16:32:44.691  5124  8625 E Assert  : 	at com.qualcomm.robotcore.eventloop.EventLoopManager$EventLoopRunnable$1.run(EventLoopManager.java:296)
12-05 16:32:44.692  5124  8625 E Assert  : 	at com.qualcomm.robotcore.util.ThreadPool.logThreadLifeCycle(ThreadPool.java:737)
12-05 16:32:44.694  5124  8625 E Assert  : 	at com.qualcomm.robotcore.eventloop.EventLoopManager$EventLoopRunnable.run(EventLoopManager.java:239)
12-05 16:32:44.695  5124  8625 E Assert  : 	at com.qualcomm.robotcore.eventloop.EventLoopManager$1.run(EventLoopManager.java:563)
12-05 16:32:44.697  5124  8625 E Assert  : 	at java.util.concurrent.ThreadPoolExecutor.runWorker(ThreadPoolExecutor.java:1113)
12-05 16:32:44.698  5124  8625 E Assert  : 	at java.util.concurrent.ThreadPoolExecutor$Worker.run(ThreadPoolExecutor.java:588)
12-05 16:32:44.699  5124  8625 E Assert  : 	at com.qualcomm.robotcore.util.ThreadPool$ThreadFactoryImpl$1.run(ThreadPool.java:793)
12-05 16:32:44.700  5124  8625 E Assert  : 	at java.lang.Thread.run(Thread.java:818)
12-05 16:32:44.707  5124  6324 I RobotCore: ******************** START - OPMODE Test Op Mode ********************
12-05 16:32:44.711  5124  8625 I RobotCore: Attempting to switch to op mode Test Op Mode
12-05 16:32:44.721  5124  8647 V RobotCore: thread: 'LinearOpMode main' starting...
12-05 16:32:44.755  5124  6751 V Robocol : sending CMD_NOTIFY_INIT_OP_MODE(12098), attempt: 0
12-05 16:32:45.288  5124  6325 V Robocol : received command: CMD_RUN_OP_MODE(20971) Test Op Mode
12-05 16:32:45.315  5124  6751 V Robocol : sending CMD_NOTIFY_RUN_OP_MODE(12110), attempt: 0
12-05 16:32:49.888  5124  6325 V Robocol : received command: CMD_INIT_OP_MODE(21113) $Stop$Robot$
12-05 16:32:49.891  5124  6324 I RobotCore: ******************** STOP - OPMODE /storage/emulated/0/FIRST/matchlogs/Match-0-Test_Op_Mode.txt ********************
12-05 16:32:49.893  5124  8648 I RobotCore: saving match logcat to /storage/emulated/0/FIRST/matchlogs/Match-0-Test_Op_Mode.txt
12-05 16:32:49.893  5124  8648 I RobotCore: logging command line: exec logcat -d -T '12-5 16:32:44.000' -f /storage/emulated/0/FIRST/matchlogs/Match-0-Test_Op_Mode.txt -n4 -v threadtime UsbRequestJNI:S UsbRequest:S art:W ThreadPool:W System:W ExtendedExtractor:W OMXClient:W MediaPlayer:W dalvikvm:W  *:V
12-05 16:32:49.907  5124  8647 V RobotCore: thread: ...terminating 'LinearOpMode main'
12-05 16:32:49.908  5124  8625 I RobotCore: Attempting to switch to op mode $Stop$Robot$
12-05 16:32:49.912  5124  8625 F Assert  : assertion failed: 0x0f16a793 on 0x0d7318e9: closed
12-05 16:32:49.914  5124  8625 E Assert  : java.lang.RuntimeException: assertion failed: 0x0f16a793 on 0x0d7318e9: closed
12-05 16:32:49.915  5124  6751 V Robocol : sending CMD_NOTIFY_INIT_OP_MODE(12260), attempt: 0
12-05 16:32:49.917  5124  8625 E Assert  : 	at org.firstinspires.ftc.robotcore.internal.system.Assert.assertFailed(Assert.java:140)
12-05 16:32:49.919  5124  8625 E Assert  : 	at org.firstinspires.ftc.robotcore.internal.system.Assert.assertTrue(Assert.java:94)
12-05 16:32:49.920  5124  8625 E Assert  : 	at com.qualcomm.hardware.lynx.LynxUsbDeviceDelegate.assertOpen(LynxUsbDeviceDelegate.java:102)
12-05 16:32:49.923  5124  8625 E Assert  : 	at com.qualcomm.hardware.lynx.LynxUsbDeviceDelegate.acquireNetworkTransmissionLock(LynxUsbDeviceDelegate.java:181)
12-05 16:32:49.925  5124  8625 E Assert  : 	at com.qualcomm.hardware.lynx.LynxModule.acquireNetworkTransmissionLock(LynxModule.java:1356)
12-05 16:32:49.926  5124  8625 E Assert  : 	at com.qualcomm.hardware.lynx.commands.LynxMessage.acquireNetworkLock(LynxMessage.java:130)
12-05 16:32:49.927  5124  8625 E Assert  : 	at com.qualcomm.hardware.lynx.commands.LynxRespondable.send(LynxRespondable.java:227)
12-05 16:32:49.929  5124  8625 E Assert  : 	at com.qualcomm.hardware.lynx.LynxModule.failSafe(LynxModule.java:1264)
12-05 16:32:49.930  5124  8625 E Assert  : 	at com.qualcomm.hardware.lynx.LynxUsbDeviceImpl.failSafe(LynxUsbDeviceImpl.java:434)
12-05 16:32:49.932  5124  8625 E Assert  : 	at com.qualcomm.hardware.lynx.LynxUsbDeviceDelegate.failSafe(LynxUsbDeviceDelegate.java:147)
12-05 16:32:49.934  5124  8625 E Assert  : 	at org.firstinspires.ftc.robotcore.internal.opmode.OpModeManagerImpl$DefaultOpMode.staySafe(OpModeManagerImpl.java:682)
12-05 16:32:49.936  5124  8625 E Assert  : 	at org.firstinspires.ftc.robotcore.internal.opmode.OpModeManagerImpl$DefaultOpMode.init_loop(OpModeManagerImpl.java:624)
12-05 16:32:49.937  5124  8625 E Assert  : 	at org.firstinspires.ftc.robotcore.internal.opmode.OpModeManagerImpl$4.run(OpModeManagerImpl.java:545)
12-05 16:32:49.939  5124  8625 E Assert  : 	at org.firstinspires.ftc.robotcore.internal.opmode.OpModeManagerImpl.detectStuck(OpModeManagerImpl.java:419)
12-05 16:32:49.941  5124  8625 E Assert  : 	at org.firstinspires.ftc.robotcore.internal.opmode.OpModeManagerImpl.detectStuck(OpModeManagerImpl.java:413)
12-05 16:32:49.943  5124  8625 E Assert  : 	at org.firstinspires.ftc.robotcore.internal.opmode.OpModeManagerImpl.callActiveOpModeInitLoop(OpModeManagerImpl.java:543)
12-05 16:32:49.945  5124  8625 E Assert  : 	at org.firstinspires.ftc.robotcore.internal.opmode.OpModeManagerImpl.runActiveOpMode(OpModeManagerImpl.java:360)
12-05 16:32:49.946  5124  8625 E Assert  : 	at com.qualcomm.ftccommon.FtcEventLoop.loop(FtcEventLoop.java:212)
12-05 16:32:49.947  5124  8625 E Assert  : 	at com.qualcomm.robotcore.eventloop.EventLoopManager$EventLoopRunnable$1.run(EventLoopManager.java:296)
12-05 16:32:49.949  5124  8625 E Assert  : 	at com.qualcomm.robotcore.util.ThreadPool.logThreadLifeCycle(ThreadPool.java:737)
12-05 16:32:49.951  5124  8625 E Assert  : 	at com.qualcomm.robotcore.eventloop.EventLoopManager$EventLoopRunnable.run(EventLoopManager.java:239)
12-05 16:32:49.952  5124  8625 E Assert  : 	at com.qualcomm.robotcore.eventloop.EventLoopManager$1.run(EventLoopManager.java:563)
12-05 16:32:49.953  5124  8625 E Assert  : 	at java.util.concurrent.ThreadPoolExecutor.runWorker(ThreadPoolExecutor.java:1113)
12-05 16:32:49.955  5124  8625 E Assert  : 	at java.util.concurrent.ThreadPoolExecutor$Worker.run(ThreadPoolExecutor.java:588)
12-05 16:32:49.956  5124  8625 E Assert  : 	at com.qualcomm.robotcore.util.ThreadPool$ThreadFactoryImpl$1.run(ThreadPool.java:793)
12-05 16:32:49.957  5124  8625 E Assert  : 	at java.lang.Thread.run(Thread.java:818)
12-05 16:32:49.957  5124  8625 F Assert  : assertion failed: 0x0f16a793 on 0x0d7318e9: closed
12-05 16:32:49.959  5124  8625 E Assert  : java.lang.RuntimeException: assertion failed: 0x0f16a793 on 0x0d7318e9: closed
12-05 16:32:49.961  5124  8625 E Assert  : 	at org.firstinspires.ftc.robotcore.internal.system.Assert.assertFailed(Assert.java:140)
12-05 16:32:49.962  5124  8625 E Assert  : 	at org.firstinspires.ftc.robotcore.internal.system.Assert.assertTrue(Assert.java:94)
